2025-10-05 20:24:36,193 INFO  org.apache.flink.runtime.entrypoint.ClusterEntrypoint        [] - --------------------------------------------------------------------------------
2025-10-05 20:24:36,195 INFO  org.apache.flink.runtime.entrypoint.ClusterEntrypoint        [] -  Preconfiguration: 
2025-10-05 20:24:36,195 INFO  org.apache.flink.runtime.entrypoint.ClusterEntrypoint        [] - 


RESOURCE_PARAMS extraction logs:
jvm_params: -Xmx7328287936 -Xms7328287936 -XX:MaxMetaspaceSize=268435456
dynamic_configs: -D jobmanager.memory.off-heap.size=134217728b -D jobmanager.memory.jvm-overhead.min=858993472b -D jobmanager.memory.jvm-metaspace.size=268435456b -D jobmanager.memory.heap.size=7328287936b -D jobmanager.memory.jvm-overhead.max=858993472b
logs: WARNING: sun.reflect.Reflection.getCallerClass is not supported. This will impact performance.
INFO  [] - Loading configuration property: env.java.opts.jobmanager, -Xloggc:$FLINK_LOG_DIR/jobmanager-gc.log -XX:+UseGCLogFileRotation -XX:NumberOfGCLogFiles=2 -XX:GCLogFileSize=512M
INFO  [] - Loading configuration property: env.java.opts, -verbose:gc -XX:NewRatio=3 -XX:+PrintGCDetails -XX:+PrintGCDateStamps -XX:ParallelGCThreads=4
INFO  [] - Loading configuration property: jobmanager.rpc.address, 10.10.10.1
INFO  [] - Loading configuration property: jobmanager.bind-host, 0.0.0.0
INFO  [] - Loading configuration property: io.tmp.dirs, /tmp
INFO  [] - Loading configuration property: topology.graphml.path, /home/mhuttner/flink/build-target/conf/topo.graphml
INFO  [] - Loading configuration property: execution.checkpointing.checkpoints-after-tasks-finish.enabled, false
INFO  [] - Loading configuration property: parallelism.default, 1
INFO  [] - Loading configuration property: taskmanager.memory.process.size, 8G
INFO  [] - Loading configuration property: execution.checkpointing.mode, EXACTLY_ONCE
INFO  [] - Loading configuration property: table.exec.mini-batch.size, 50000
INFO  [] - Loading configuration property: table.optimizer.distinct-agg.split.enabled, true
INFO  [] - Loading configuration property: state.backend.local-recovery, true
INFO  [] - Loading configuration property: cluster.placement-method, BOTTOM_UP
INFO  [] - Loading configuration property: state.backend.rocksdb.localdir, /tmp
INFO  [] - Loading configuration property: state.backend.incremental, true
INFO  [] - Loading configuration property: jobmanager.memory.process.size, 8G
INFO  [] - Loading configuration property: jobmanager.rpc.port, 6123
INFO  [] - Loading configuration property: rest.bind-address, 0.0.0.0
INFO  [] - Loading configuration property: rest.port, 8081
INFO  [] - Loading configuration property: execution.checkpointing.interval, 180000
INFO  [] - Loading configuration property: table.exec.mini-batch.enabled, true
INFO  [] - Loading configuration property: rest.address, 0.0.0.0
INFO  [] - Loading configuration property: state.backend, rocksdb
INFO  [] - Loading configuration property: env.java.opts.taskmanager, -Xloggc:$FLINK_LOG_DIR/taskmanager-gc.log -XX:+UseGCLogFileRotation -XX:NumberOfGCLogFiles=2 -XX:GCLogFileSize=512M
INFO  [] - Loading configuration property: state.checkpoints.dir, file:///mnt/labstore/mhuttner/checkpoint
INFO  [] - Loading configuration property: table.exec.mini-batch.allow-latency, 2s
INFO  [] - Final Master Memory configuration:
INFO  [] -   Total Process Memory: 8.000gb (8589934592 bytes)
INFO  [] -     Total Flink Memory: 6.950gb (7462505664 bytes)
INFO  [] -       JVM Heap:         6.825gb (7328287936 bytes)
INFO  [] -       Off-heap:         128.000mb (134217728 bytes)
INFO  [] -     JVM Metaspace:      256.000mb (268435456 bytes)
INFO  [] -     JVM Overhead:       819.200mb (858993472 bytes)

2025-10-05 20:24:36,195 INFO  org.apache.flink.runtime.entrypoint.ClusterEntrypoint        [] - --------------------------------------------------------------------------------
2025-10-05 20:24:36,195 INFO  org.apache.flink.runtime.entrypoint.ClusterEntrypoint        [] -  Starting StandaloneSessionClusterEntrypoint (Version: 1.18-SNAPSHOT, Scala: 2.12, Rev:fb50473, Date:2024-08-30T22:10:37+02:00)
2025-10-05 20:24:36,195 INFO  org.apache.flink.runtime.entrypoint.ClusterEntrypoint        [] -  OS current user: mhuttner
2025-10-05 20:24:36,196 INFO  org.apache.flink.runtime.entrypoint.ClusterEntrypoint        [] -  Current Hadoop/Kerberos user: <no hadoop dependency found>
2025-10-05 20:24:36,196 INFO  org.apache.flink.runtime.entrypoint.ClusterEntrypoint        [] -  JVM: OpenJDK 64-Bit Server VM - Eclipse Adoptium - 11/11.0.26+4
2025-10-05 20:24:36,196 INFO  org.apache.flink.runtime.entrypoint.ClusterEntrypoint        [] -  Arch: amd64
2025-10-05 20:24:36,196 INFO  org.apache.flink.runtime.entrypoint.ClusterEntrypoint        [] -  Maximum heap size: 6990 MiBytes
2025-10-05 20:24:36,196 INFO  org.apache.flink.runtime.entrypoint.ClusterEntrypoint        [] -  JAVA_HOME: /home/mhuttner/.sdkman/candidates/java/current
2025-10-05 20:24:36,196 INFO  org.apache.flink.runtime.entrypoint.ClusterEntrypoint        [] -  No Hadoop Dependency available
2025-10-05 20:24:36,196 INFO  org.apache.flink.runtime.entrypoint.ClusterEntrypoint        [] -  JVM Options:
2025-10-05 20:24:36,196 INFO  org.apache.flink.runtime.entrypoint.ClusterEntrypoint        [] -     -Xmx7328287936
2025-10-05 20:24:36,196 INFO  org.apache.flink.runtime.entrypoint.ClusterEntrypoint        [] -     -Xms7328287936
2025-10-05 20:24:36,197 INFO  org.apache.flink.runtime.entrypoint.ClusterEntrypoint        [] -     -XX:MaxMetaspaceSize=268435456
2025-10-05 20:24:36,197 INFO  org.apache.flink.runtime.entrypoint.ClusterEntrypoint        [] -     -XX:+IgnoreUnrecognizedVMOptions
2025-10-05 20:24:36,197 INFO  org.apache.flink.runtime.entrypoint.ClusterEntrypoint        [] -     -verbose:gc
2025-10-05 20:24:36,197 INFO  org.apache.flink.runtime.entrypoint.ClusterEntrypoint        [] -     -XX:NewRatio=3
2025-10-05 20:24:36,197 INFO  org.apache.flink.runtime.entrypoint.ClusterEntrypoint        [] -     -XX:+PrintGCDetails
2025-10-05 20:24:36,197 INFO  org.apache.flink.runtime.entrypoint.ClusterEntrypoint        [] -     -XX:+PrintGCDateStamps
2025-10-05 20:24:36,197 INFO  org.apache.flink.runtime.entrypoint.ClusterEntrypoint        [] -     -XX:ParallelGCThreads=4
2025-10-05 20:24:36,197 INFO  org.apache.flink.runtime.entrypoint.ClusterEntrypoint        [] -     -Xloggc:/home/mhuttner/flink/flink-dist/target/flink-1.18-SNAPSHOT-bin/flink-1.18-SNAPSHOT/log/jobmanager-gc.log
2025-10-05 20:24:36,197 INFO  org.apache.flink.runtime.entrypoint.ClusterEntrypoint        [] -     -XX:+UseGCLogFileRotation
2025-10-05 20:24:36,197 INFO  org.apache.flink.runtime.entrypoint.ClusterEntrypoint        [] -     -XX:NumberOfGCLogFiles=2
2025-10-05 20:24:36,197 INFO  org.apache.flink.runtime.entrypoint.ClusterEntrypoint        [] -     -XX:GCLogFileSize=512M
2025-10-05 20:24:36,198 INFO  org.apache.flink.runtime.entrypoint.ClusterEntrypoint        [] -     -Dlog.file=/home/mhuttner/flink/flink-dist/target/flink-1.18-SNAPSHOT-bin/flink-1.18-SNAPSHOT/log/flink-mhuttner-standalonesession-0-zs01.lab.dm.informatik.tu-darmstadt.de.log
2025-10-05 20:24:36,198 INFO  org.apache.flink.runtime.entrypoint.ClusterEntrypoint        [] -     -Dlog4j.configuration=file:/home/mhuttner/flink/flink-dist/target/flink-1.18-SNAPSHOT-bin/flink-1.18-SNAPSHOT/conf/log4j-console.properties
2025-10-05 20:24:36,198 INFO  org.apache.flink.runtime.entrypoint.ClusterEntrypoint        [] -     -Dlog4j.configurationFile=file:/home/mhuttner/flink/flink-dist/target/flink-1.18-SNAPSHOT-bin/flink-1.18-SNAPSHOT/conf/log4j-console.properties
2025-10-05 20:24:36,198 INFO  org.apache.flink.runtime.entrypoint.ClusterEntrypoint        [] -     -Dlogback.configurationFile=file:/home/mhuttner/flink/flink-dist/target/flink-1.18-SNAPSHOT-bin/flink-1.18-SNAPSHOT/conf/logback-console.xml
2025-10-05 20:24:36,198 INFO  org.apache.flink.runtime.entrypoint.ClusterEntrypoint        [] -  Program Arguments:
2025-10-05 20:24:36,199 INFO  org.apache.flink.runtime.entrypoint.ClusterEntrypoint        [] -     -D
2025-10-05 20:24:36,199 INFO  org.apache.flink.runtime.entrypoint.ClusterEntrypoint        [] -     jobmanager.memory.off-heap.size=134217728b
2025-10-05 20:24:36,199 INFO  org.apache.flink.runtime.entrypoint.ClusterEntrypoint        [] -     -D
2025-10-05 20:24:36,199 INFO  org.apache.flink.runtime.entrypoint.ClusterEntrypoint        [] -     jobmanager.memory.jvm-overhead.min=858993472b
2025-10-05 20:24:36,199 INFO  org.apache.flink.runtime.entrypoint.ClusterEntrypoint        [] -     -D
2025-10-05 20:24:36,199 INFO  org.apache.flink.runtime.entrypoint.ClusterEntrypoint        [] -     jobmanager.memory.jvm-metaspace.size=268435456b
2025-10-05 20:24:36,199 INFO  org.apache.flink.runtime.entrypoint.ClusterEntrypoint        [] -     -D
2025-10-05 20:24:36,199 INFO  org.apache.flink.runtime.entrypoint.ClusterEntrypoint        [] -     jobmanager.memory.heap.size=7328287936b
2025-10-05 20:24:36,199 INFO  org.apache.flink.runtime.entrypoint.ClusterEntrypoint        [] -     -D
2025-10-05 20:24:36,200 INFO  org.apache.flink.runtime.entrypoint.ClusterEntrypoint        [] -     jobmanager.memory.jvm-overhead.max=858993472b
2025-10-05 20:24:36,200 INFO  org.apache.flink.runtime.entrypoint.ClusterEntrypoint        [] -     --configDir
2025-10-05 20:24:36,200 INFO  org.apache.flink.runtime.entrypoint.ClusterEntrypoint        [] -     /home/mhuttner/flink/flink-dist/target/flink-1.18-SNAPSHOT-bin/flink-1.18-SNAPSHOT/conf
2025-10-05 20:24:36,200 INFO  org.apache.flink.runtime.entrypoint.ClusterEntrypoint        [] -     --executionMode
2025-10-05 20:24:36,200 INFO  org.apache.flink.runtime.entrypoint.ClusterEntrypoint        [] -     cluster
2025-10-05 20:24:36,200 INFO  org.apache.flink.runtime.entrypoint.ClusterEntrypoint        [] -  Classpath: /home/mhuttner/flink/flink-dist/target/flink-1.18-SNAPSHOT-bin/flink-1.18-SNAPSHOT/lib/commons-codec-1.17.0.jar:/home/mhuttner/flink/flink-dist/target/flink-1.18-SNAPSHOT-bin/flink-1.18-SNAPSHOT/lib/commons-logging-1.2.jar:/home/mhuttner/flink/flink-dist/target/flink-1.18-SNAPSHOT-bin/flink-1.18-SNAPSHOT/lib/flink-cep-1.18-SNAPSHOT.jar:/home/mhuttner/flink/flink-dist/target/flink-1.18-SNAPSHOT-bin/flink-1.18-SNAPSHOT/lib/flink-connector-files-1.18-SNAPSHOT.jar:/home/mhuttner/flink/flink-dist/target/flink-1.18-SNAPSHOT-bin/flink-1.18-SNAPSHOT/lib/flink-csv-1.18-SNAPSHOT.jar:/home/mhuttner/flink/flink-dist/target/flink-1.18-SNAPSHOT-bin/flink-1.18-SNAPSHOT/lib/flink-json-1.18-SNAPSHOT.jar:/home/mhuttner/flink/flink-dist/target/flink-1.18-SNAPSHOT-bin/flink-1.18-SNAPSHOT/lib/flink-scala_2.12-1.18-SNAPSHOT.jar:/home/mhuttner/flink/flink-dist/target/flink-1.18-SNAPSHOT-bin/flink-1.18-SNAPSHOT/lib/flink-sql-connector-kafka-3.2.0-1.18.jar:/home/mhuttner/flink/flink-dist/target/flink-1.18-SNAPSHOT-bin/flink-1.18-SNAPSHOT/lib/flink-streaming-java-1.18-SNAPSHOT.jar:/home/mhuttner/flink/flink-dist/target/flink-1.18-SNAPSHOT-bin/flink-1.18-SNAPSHOT/lib/flink-table-api-java-uber-1.18.1.jar:/home/mhuttner/flink/flink-dist/target/flink-1.18-SNAPSHOT-bin/flink-1.18-SNAPSHOT/lib/flink-table-planner-loader-1.18-SNAPSHOT.jar:/home/mhuttner/flink/flink-dist/target/flink-1.18-SNAPSHOT-bin/flink-1.18-SNAPSHOT/lib/flink-table-runtime-1.18.1.jar:/home/mhuttner/flink/flink-dist/target/flink-1.18-SNAPSHOT-bin/flink-1.18-SNAPSHOT/lib/gson-2.10.1.jar:/home/mhuttner/flink/flink-dist/target/flink-1.18-SNAPSHOT-bin/flink-1.18-SNAPSHOT/lib/httpclient-4.5.14.jar:/home/mhuttner/flink/flink-dist/target/flink-1.18-SNAPSHOT-bin/flink-1.18-SNAPSHOT/lib/httpcore-4.4.14.jar:/home/mhuttner/flink/flink-dist/target/flink-1.18-SNAPSHOT-bin/flink-1.18-SNAPSHOT/lib/lettuce-core-6.1.8.RELEASE.jar:/home/mhuttner/flink/flink-dist/target/flink-1.18-SNAPSHOT-bin/flink-1.18-SNAPSHOT/lib/log4j-1.2-api-2.17.1.jar:/home/mhuttner/flink/flink-dist/target/flink-1.18-SNAPSHOT-bin/flink-1.18-SNAPSHOT/lib/log4j-api-2.17.1.jar:/home/mhuttner/flink/flink-dist/target/flink-1.18-SNAPSHOT-bin/flink-1.18-SNAPSHOT/lib/log4j-core-2.17.1.jar:/home/mhuttner/flink/flink-dist/target/flink-1.18-SNAPSHOT-bin/flink-1.18-SNAPSHOT/lib/log4j-slf4j-impl-2.17.1.jar:/home/mhuttner/flink/flink-dist/target/flink-1.18-SNAPSHOT-bin/flink-1.18-SNAPSHOT/lib/my-flink-udfs.jar:/home/mhuttner/flink/flink-dist/target/flink-1.18-SNAPSHOT-bin/flink-1.18-SNAPSHOT/lib/netty-buffer-4.1.108.Final.jar:/home/mhuttner/flink/flink-dist/target/flink-1.18-SNAPSHOT-bin/flink-1.18-SNAPSHOT/lib/netty-codec-4.1.108.Final.jar:/home/mhuttner/flink/flink-dist/target/flink-1.18-SNAPSHOT-bin/flink-1.18-SNAPSHOT/lib/netty-common-4.1.108.Final.jar:/home/mhuttner/flink/flink-dist/target/flink-1.18-SNAPSHOT-bin/flink-1.18-SNAPSHOT/lib/netty-handler-4.1.108.Final.jar:/home/mhuttner/flink/flink-dist/target/flink-1.18-SNAPSHOT-bin/flink-1.18-SNAPSHOT/lib/netty-resolver-4.1.108.Final.jar:/home/mhuttner/flink/flink-dist/target/flink-1.18-SNAPSHOT-bin/flink-1.18-SNAPSHOT/lib/netty-transport-4.1.108.Final.jar:/home/mhuttner/flink/flink-dist/target/flink-1.18-SNAPSHOT-bin/flink-1.18-SNAPSHOT/lib/nexmark-flink-0.3-SNAPSHOT.jar:/home/mhuttner/flink/flink-dist/target/flink-1.18-SNAPSHOT-bin/flink-1.18-SNAPSHOT/lib/reactive-streams-1.0.4.jar:/home/mhuttner/flink/flink-dist/target/flink-1.18-SNAPSHOT-bin/flink-1.18-SNAPSHOT/lib/reactor-core-3.3.22.RELEASE.jar:/home/mhuttner/flink/flink-dist/target/flink-1.18-SNAPSHOT-bin/flink-1.18-SNAPSHOT/lib/scala-java8-compat_2.12-1.0.2.jar:/home/mhuttner/flink/flink-dist/target/flink-1.18-SNAPSHOT-bin/flink-1.18-SNAPSHOT/lib/scala-library-2.12.15.jar:/home/mhuttner/flink/flink-dist/target/flink-1.18-SNAPSHOT-bin/flink-1.18-SNAPSHOT/lib/scala-reflect-2.12.15.jar:/home/mhuttner/flink/flink-dist/target/flink-1.18-SNAPSHOT-bin/flink-1.18-SNAPSHOT/lib/stax2-api-4.2.2.jar:/home/mhuttner/flink/flink-dist/target/flink-1.18-SNAPSHOT-bin/flink-1.18-SNAPSHOT/lib/woodstox-core-7.1.1.jar:/home/mhuttner/flink/flink-dist/target/flink-1.18-SNAPSHOT-bin/flink-1.18-SNAPSHOT/lib/flink-dist-1.18-SNAPSHOT.jar::::
2025-10-05 20:24:36,201 INFO  org.apache.flink.runtime.entrypoint.ClusterEntrypoint        [] - --------------------------------------------------------------------------------
2025-10-05 20:24:36,202 INFO  org.apache.flink.runtime.entrypoint.ClusterEntrypoint        [] - Registered UNIX signal handlers for [TERM, HUP, INT]
2025-10-05 20:24:36,213 INFO  org.apache.flink.configuration.GlobalConfiguration           [] - Loading configuration property: env.java.opts.jobmanager, -Xloggc:$FLINK_LOG_DIR/jobmanager-gc.log -XX:+UseGCLogFileRotation -XX:NumberOfGCLogFiles=2 -XX:GCLogFileSize=512M
2025-10-05 20:24:36,214 INFO  org.apache.flink.configuration.GlobalConfiguration           [] - Loading configuration property: env.java.opts, -verbose:gc -XX:NewRatio=3 -XX:+PrintGCDetails -XX:+PrintGCDateStamps -XX:ParallelGCThreads=4
2025-10-05 20:24:36,214 INFO  org.apache.flink.configuration.GlobalConfiguration           [] - Loading configuration property: jobmanager.rpc.address, 10.10.10.1
2025-10-05 20:24:36,214 INFO  org.apache.flink.configuration.GlobalConfiguration           [] - Loading configuration property: jobmanager.bind-host, 0.0.0.0
2025-10-05 20:24:36,214 INFO  org.apache.flink.configuration.GlobalConfiguration           [] - Loading configuration property: io.tmp.dirs, /tmp
2025-10-05 20:24:36,214 INFO  org.apache.flink.configuration.GlobalConfiguration           [] - Loading configuration property: topology.graphml.path, /home/mhuttner/flink/build-target/conf/topo.graphml
2025-10-05 20:24:36,214 INFO  org.apache.flink.configuration.GlobalConfiguration           [] - Loading configuration property: execution.checkpointing.checkpoints-after-tasks-finish.enabled, false
2025-10-05 20:24:36,214 INFO  org.apache.flink.configuration.GlobalConfiguration           [] - Loading configuration property: parallelism.default, 1
2025-10-05 20:24:36,214 INFO  org.apache.flink.configuration.GlobalConfiguration           [] - Loading configuration property: taskmanager.memory.process.size, 8G
2025-10-05 20:24:36,214 INFO  org.apache.flink.configuration.GlobalConfiguration           [] - Loading configuration property: execution.checkpointing.mode, EXACTLY_ONCE
2025-10-05 20:24:36,214 INFO  org.apache.flink.configuration.GlobalConfiguration           [] - Loading configuration property: table.exec.mini-batch.size, 50000
2025-10-05 20:24:36,215 INFO  org.apache.flink.configuration.GlobalConfiguration           [] - Loading configuration property: table.optimizer.distinct-agg.split.enabled, true
2025-10-05 20:24:36,215 INFO  org.apache.flink.configuration.GlobalConfiguration           [] - Loading configuration property: state.backend.local-recovery, true
2025-10-05 20:24:36,215 INFO  org.apache.flink.configuration.GlobalConfiguration           [] - Loading configuration property: cluster.placement-method, BOTTOM_UP
2025-10-05 20:24:36,215 INFO  org.apache.flink.configuration.GlobalConfiguration           [] - Loading configuration property: state.backend.rocksdb.localdir, /tmp
2025-10-05 20:24:36,215 INFO  org.apache.flink.configuration.GlobalConfiguration           [] - Loading configuration property: state.backend.incremental, true
2025-10-05 20:24:36,215 INFO  org.apache.flink.configuration.GlobalConfiguration           [] - Loading configuration property: jobmanager.memory.process.size, 8G
2025-10-05 20:24:36,215 INFO  org.apache.flink.configuration.GlobalConfiguration           [] - Loading configuration property: jobmanager.rpc.port, 6123
2025-10-05 20:24:36,215 INFO  org.apache.flink.configuration.GlobalConfiguration           [] - Loading configuration property: rest.bind-address, 0.0.0.0
2025-10-05 20:24:36,215 INFO  org.apache.flink.configuration.GlobalConfiguration           [] - Loading configuration property: rest.port, 8081
2025-10-05 20:24:36,215 INFO  org.apache.flink.configuration.GlobalConfiguration           [] - Loading configuration property: execution.checkpointing.interval, 180000
2025-10-05 20:24:36,216 INFO  org.apache.flink.configuration.GlobalConfiguration           [] - Loading configuration property: table.exec.mini-batch.enabled, true
2025-10-05 20:24:36,216 INFO  org.apache.flink.configuration.GlobalConfiguration           [] - Loading configuration property: rest.address, 0.0.0.0
2025-10-05 20:24:36,216 INFO  org.apache.flink.configuration.GlobalConfiguration           [] - Loading configuration property: state.backend, rocksdb
2025-10-05 20:24:36,216 INFO  org.apache.flink.configuration.GlobalConfiguration           [] - Loading configuration property: env.java.opts.taskmanager, -Xloggc:$FLINK_LOG_DIR/taskmanager-gc.log -XX:+UseGCLogFileRotation -XX:NumberOfGCLogFiles=2 -XX:GCLogFileSize=512M
2025-10-05 20:24:36,216 INFO  org.apache.flink.configuration.GlobalConfiguration           [] - Loading configuration property: state.checkpoints.dir, file:///mnt/labstore/mhuttner/checkpoint
2025-10-05 20:24:36,216 INFO  org.apache.flink.configuration.GlobalConfiguration           [] - Loading configuration property: table.exec.mini-batch.allow-latency, 2s
2025-10-05 20:24:36,216 INFO  org.apache.flink.configuration.GlobalConfiguration           [] - Loading dynamic configuration property: jobmanager.memory.off-heap.size, 134217728b
2025-10-05 20:24:36,216 INFO  org.apache.flink.configuration.GlobalConfiguration           [] - Loading dynamic configuration property: jobmanager.memory.jvm-overhead.min, 858993472b
2025-10-05 20:24:36,216 INFO  org.apache.flink.configuration.GlobalConfiguration           [] - Loading dynamic configuration property: jobmanager.memory.jvm-metaspace.size, 268435456b
2025-10-05 20:24:36,216 INFO  org.apache.flink.configuration.GlobalConfiguration           [] - Loading dynamic configuration property: jobmanager.memory.heap.size, 7328287936b
2025-10-05 20:24:36,216 INFO  org.apache.flink.configuration.GlobalConfiguration           [] - Loading dynamic configuration property: jobmanager.memory.jvm-overhead.max, 858993472b
2025-10-05 20:24:36,244 INFO  org.apache.flink.runtime.entrypoint.ClusterEntrypoint        [] - Starting StandaloneSessionClusterEntrypoint.
2025-10-05 20:24:36,277 INFO  org.apache.flink.runtime.entrypoint.ClusterEntrypoint        [] - Install default filesystem.
2025-10-05 20:24:36,280 INFO  org.apache.flink.core.fs.FileSystem                          [] - Hadoop is not in the classpath/dependencies. The extended set of supported File Systems via Hadoop is not available.
2025-10-05 20:24:36,318 INFO  org.apache.flink.core.plugin.DefaultPluginManager            [] - Plugin loader with ID not found, creating it: metrics-graphite
2025-10-05 20:24:36,324 INFO  org.apache.flink.core.plugin.DefaultPluginManager            [] - Plugin loader with ID not found, creating it: metrics-datadog
2025-10-05 20:24:36,325 INFO  org.apache.flink.core.plugin.DefaultPluginManager            [] - Plugin loader with ID not found, creating it: external-resource-gpu
2025-10-05 20:24:36,325 INFO  org.apache.flink.core.plugin.DefaultPluginManager            [] - Plugin loader with ID not found, creating it: metrics-jmx
2025-10-05 20:24:36,325 INFO  org.apache.flink.core.plugin.DefaultPluginManager            [] - Plugin loader with ID not found, creating it: metrics-statsd
2025-10-05 20:24:36,325 INFO  org.apache.flink.core.plugin.DefaultPluginManager            [] - Plugin loader with ID not found, creating it: metrics-influx
2025-10-05 20:24:36,326 INFO  org.apache.flink.core.plugin.DefaultPluginManager            [] - Plugin loader with ID not found, creating it: metrics-prometheus
2025-10-05 20:24:36,326 INFO  org.apache.flink.core.plugin.DefaultPluginManager            [] - Plugin loader with ID not found, creating it: metrics-slf4j
2025-10-05 20:24:36,341 INFO  org.apache.flink.runtime.entrypoint.ClusterEntrypoint        [] - Install security context.
2025-10-05 20:24:36,353 INFO  org.apache.flink.runtime.security.modules.HadoopModuleFactory [] - Cannot create Hadoop Security Module because Hadoop cannot be found in the Classpath.
2025-10-05 20:24:36,358 INFO  org.apache.flink.runtime.security.modules.JaasModule         [] - Jaas file will be created as /tmp/jaas-13813094331660694477.conf.
2025-10-05 20:24:36,365 INFO  org.apache.flink.runtime.security.contexts.HadoopSecurityContextFactory [] - Cannot install HadoopSecurityContext because Hadoop cannot be found in the Classpath.
2025-10-05 20:24:36,367 INFO  org.apache.flink.runtime.entrypoint.ClusterEntrypoint        [] - Initializing cluster services.
2025-10-05 20:24:36,372 INFO  org.apache.flink.runtime.entrypoint.ClusterEntrypoint        [] - Using working directory: WorkingDirectory(/tmp/jm_c7c2d5d2bf7fc1ed0f139aaa3b9be037).
2025-10-05 20:24:36,627 INFO  org.apache.flink.runtime.rpc.pekko.PekkoRpcServiceUtils      [] - Trying to start actor system, external address 10.10.10.1:6123, bind address 0.0.0.0:6123.
2025-10-05 20:24:37,249 INFO  org.apache.pekko.event.slf4j.Slf4jLogger                     [] - Slf4jLogger started
2025-10-05 20:24:37,277 INFO  org.apache.pekko.remote.RemoteActorRefProvider               [] - Pekko Cluster not in use - enabling unsafe features anyway because `pekko.remote.use-unsafe-remote-features-outside-cluster` has been enabled.
2025-10-05 20:24:37,278 INFO  org.apache.pekko.remote.Remoting                             [] - Starting remoting
2025-10-05 20:24:37,468 INFO  org.apache.pekko.remote.Remoting                             [] - Remoting started; listening on addresses :[pekko.tcp://flink@10.10.10.1:6123]
2025-10-05 20:24:37,662 INFO  org.apache.flink.runtime.rpc.pekko.PekkoRpcServiceUtils      [] - Actor system started at pekko.tcp://flink@10.10.10.1:6123
2025-10-05 20:24:37,679 INFO  org.apache.flink.runtime.security.token.DefaultDelegationTokenManager [] - Loading delegation token providers
2025-10-05 20:24:37,684 INFO  org.apache.flink.runtime.security.token.hadoop.HadoopFSDelegationTokenProvider [] - Hadoop FS is not available (not packaged with this application): NoClassDefFoundError : "org/apache/hadoop/conf/Configuration".
2025-10-05 20:24:37,684 INFO  org.apache.flink.runtime.security.token.DefaultDelegationTokenManager [] - Delegation token provider hadoopfs loaded and initialized
2025-10-05 20:24:37,686 INFO  org.apache.flink.runtime.security.token.DefaultDelegationTokenManager [] - Delegation token provider hbase loaded and initialized
2025-10-05 20:24:37,686 INFO  org.apache.flink.core.plugin.DefaultPluginManager            [] - Plugin loader with ID found, reusing it: metrics-graphite
2025-10-05 20:24:37,686 INFO  org.apache.flink.core.plugin.DefaultPluginManager            [] - Plugin loader with ID found, reusing it: metrics-datadog
2025-10-05 20:24:37,686 INFO  org.apache.flink.core.plugin.DefaultPluginManager            [] - Plugin loader with ID found, reusing it: external-resource-gpu
2025-10-05 20:24:37,686 INFO  org.apache.flink.core.plugin.DefaultPluginManager            [] - Plugin loader with ID found, reusing it: metrics-jmx
2025-10-05 20:24:37,686 INFO  org.apache.flink.core.plugin.DefaultPluginManager            [] - Plugin loader with ID found, reusing it: metrics-statsd
2025-10-05 20:24:37,686 INFO  org.apache.flink.core.plugin.DefaultPluginManager            [] - Plugin loader with ID found, reusing it: metrics-influx
2025-10-05 20:24:37,686 INFO  org.apache.flink.core.plugin.DefaultPluginManager            [] - Plugin loader with ID found, reusing it: metrics-prometheus
2025-10-05 20:24:37,687 INFO  org.apache.flink.core.plugin.DefaultPluginManager            [] - Plugin loader with ID found, reusing it: metrics-slf4j
2025-10-05 20:24:37,687 INFO  org.apache.flink.runtime.security.token.DefaultDelegationTokenManager [] - Delegation token providers loaded successfully
2025-10-05 20:24:37,688 INFO  org.apache.flink.runtime.security.token.DelegationTokenReceiverRepository [] - Loading delegation token receivers
2025-10-05 20:24:37,691 INFO  org.apache.flink.runtime.security.token.DelegationTokenReceiverRepository [] - Delegation token receiver hadoopfs loaded and initialized
2025-10-05 20:24:37,692 INFO  org.apache.flink.runtime.security.token.DelegationTokenReceiverRepository [] - Delegation token receiver hbase loaded and initialized
2025-10-05 20:24:37,692 INFO  org.apache.flink.core.plugin.DefaultPluginManager            [] - Plugin loader with ID found, reusing it: metrics-graphite
2025-10-05 20:24:37,692 INFO  org.apache.flink.core.plugin.DefaultPluginManager            [] - Plugin loader with ID found, reusing it: metrics-datadog
2025-10-05 20:24:37,692 INFO  org.apache.flink.core.plugin.DefaultPluginManager            [] - Plugin loader with ID found, reusing it: external-resource-gpu
2025-10-05 20:24:37,692 INFO  org.apache.flink.core.plugin.DefaultPluginManager            [] - Plugin loader with ID found, reusing it: metrics-jmx
2025-10-05 20:24:37,692 INFO  org.apache.flink.core.plugin.DefaultPluginManager            [] - Plugin loader with ID found, reusing it: metrics-statsd
2025-10-05 20:24:37,692 INFO  org.apache.flink.core.plugin.DefaultPluginManager            [] - Plugin loader with ID found, reusing it: metrics-influx
2025-10-05 20:24:37,693 INFO  org.apache.flink.core.plugin.DefaultPluginManager            [] - Plugin loader with ID found, reusing it: metrics-prometheus
2025-10-05 20:24:37,693 INFO  org.apache.flink.core.plugin.DefaultPluginManager            [] - Plugin loader with ID found, reusing it: metrics-slf4j
2025-10-05 20:24:37,693 INFO  org.apache.flink.runtime.security.token.DelegationTokenReceiverRepository [] - Delegation token receivers loaded successfully
2025-10-05 20:24:37,693 INFO  org.apache.flink.runtime.security.token.DefaultDelegationTokenManager [] - Checking provider and receiver instances consistency
2025-10-05 20:24:37,693 INFO  org.apache.flink.runtime.security.token.DefaultDelegationTokenManager [] - Provider and receiver instances are consistent
2025-10-05 20:24:37,694 INFO  org.apache.flink.runtime.security.token.DefaultDelegationTokenManager [] - Obtaining delegation tokens
2025-10-05 20:24:37,696 INFO  org.apache.flink.runtime.security.token.DefaultDelegationTokenManager [] - Delegation tokens obtained successfully
2025-10-05 20:24:37,696 WARN  org.apache.flink.runtime.security.token.DefaultDelegationTokenManager [] - No tokens obtained so skipping notifications
2025-10-05 20:24:37,719 INFO  org.apache.flink.runtime.blob.BlobServer                     [] - Created BLOB server storage directory /tmp/jm_c7c2d5d2bf7fc1ed0f139aaa3b9be037/blobStorage
2025-10-05 20:24:37,722 INFO  org.apache.flink.runtime.blob.BlobServer                     [] - Started BLOB server at 0.0.0.0:36177 - max concurrent requests: 50 - max backlog: 1000
2025-10-05 20:24:37,738 INFO  org.apache.flink.runtime.metrics.MetricRegistryImpl          [] - No metrics reporter configured, no metrics will be exposed/reported.
2025-10-05 20:24:37,742 INFO  org.apache.flink.runtime.rpc.pekko.PekkoRpcServiceUtils      [] - Trying to start actor system, external address 10.10.10.1:0, bind address 0.0.0.0:0.
2025-10-05 20:24:37,757 INFO  org.apache.pekko.event.slf4j.Slf4jLogger                     [] - Slf4jLogger started
2025-10-05 20:24:37,761 INFO  org.apache.pekko.remote.RemoteActorRefProvider               [] - Pekko Cluster not in use - enabling unsafe features anyway because `pekko.remote.use-unsafe-remote-features-outside-cluster` has been enabled.
2025-10-05 20:24:37,762 INFO  org.apache.pekko.remote.Remoting                             [] - Starting remoting
2025-10-05 20:24:37,770 INFO  org.apache.pekko.remote.Remoting                             [] - Remoting started; listening on addresses :[pekko.tcp://flink-metrics@10.10.10.1:37823]
2025-10-05 20:24:37,779 INFO  org.apache.flink.runtime.rpc.pekko.PekkoRpcServiceUtils      [] - Actor system started at pekko.tcp://flink-metrics@10.10.10.1:37823
2025-10-05 20:24:37,792 INFO  org.apache.flink.runtime.rpc.pekko.PekkoRpcService           [] - Starting RPC endpoint for org.apache.flink.runtime.metrics.dump.MetricQueryService at pekko://flink-metrics/user/rpc/MetricQueryService .
2025-10-05 20:24:37,815 INFO  org.apache.flink.runtime.dispatcher.FileExecutionGraphInfoStore [] - Initializing FileExecutionGraphInfoStore: Storage directory /tmp/executionGraphStore-0c186336-45ee-4f22-a679-108ddb3fcf23, expiration time 3600000, maximum cache size 52428800 bytes.
2025-10-05 20:24:37,867 INFO  org.apache.flink.configuration.Configuration                 [] - Config uses fallback configuration key 'rest.port' instead of key 'rest.bind-port'
2025-10-05 20:24:37,897 INFO  org.apache.flink.runtime.dispatcher.DispatcherRestEndpoint   [] - Upload directory /tmp/flink-web-13a93ced-ac08-4428-98b7-8c942ba8f89a/flink-web-upload does not exist. 
2025-10-05 20:24:37,898 INFO  org.apache.flink.runtime.dispatcher.DispatcherRestEndpoint   [] - Created directory /tmp/flink-web-13a93ced-ac08-4428-98b7-8c942ba8f89a/flink-web-upload for file uploads.
2025-10-05 20:24:37,900 INFO  org.apache.flink.runtime.dispatcher.DispatcherRestEndpoint   [] - Starting rest endpoint.
2025-10-05 20:24:38,205 INFO  org.apache.flink.runtime.webmonitor.WebMonitorUtils          [] - Determined location of main cluster component log file: /home/mhuttner/flink/flink-dist/target/flink-1.18-SNAPSHOT-bin/flink-1.18-SNAPSHOT/log/flink-mhuttner-standalonesession-0-zs01.lab.dm.informatik.tu-darmstadt.de.log
2025-10-05 20:24:38,206 INFO  org.apache.flink.runtime.webmonitor.WebMonitorUtils          [] - Determined location of main cluster component stdout file: /home/mhuttner/flink/flink-dist/target/flink-1.18-SNAPSHOT-bin/flink-1.18-SNAPSHOT/log/flink-mhuttner-standalonesession-0-zs01.lab.dm.informatik.tu-darmstadt.de.out
2025-10-05 20:24:38,355 INFO  org.apache.flink.runtime.dispatcher.DispatcherRestEndpoint   [] - Rest endpoint listening at 0.0.0.0:8081
2025-10-05 20:24:38,357 INFO  org.apache.flink.runtime.dispatcher.DispatcherRestEndpoint   [] - http://0.0.0.0:8081 was granted leadership with leaderSessionID=00000000-0000-0000-0000-000000000000
2025-10-05 20:24:38,358 INFO  org.apache.flink.runtime.dispatcher.DispatcherRestEndpoint   [] - Web frontend listening at http://0.0.0.0:8081.
2025-10-05 20:24:38,379 INFO  org.apache.flink.runtime.dispatcher.runner.DefaultDispatcherRunner [] - DefaultDispatcherRunner was granted leadership with leader id 00000000-0000-0000-0000-000000000000. Creating new DispatcherLeaderProcess.
2025-10-05 20:24:38,384 INFO  org.apache.flink.runtime.dispatcher.runner.SessionDispatcherLeaderProcess [] - Start SessionDispatcherLeaderProcess.
2025-10-05 20:24:38,386 INFO  org.apache.flink.runtime.resourcemanager.ResourceManagerServiceImpl [] - Starting resource manager service.
2025-10-05 20:24:38,387 INFO  org.apache.flink.runtime.resourcemanager.ResourceManagerServiceImpl [] - Resource manager service is granted leadership with session id 00000000-0000-0000-0000-000000000000.
2025-10-05 20:24:38,389 INFO  org.apache.flink.runtime.dispatcher.runner.SessionDispatcherLeaderProcess [] - Recover all persisted job graphs that are not finished, yet.
2025-10-05 20:24:38,389 INFO  org.apache.flink.runtime.dispatcher.runner.SessionDispatcherLeaderProcess [] - Successfully recovered 0 persisted job graphs.
2025-10-05 20:24:38,405 INFO  org.apache.flink.runtime.rpc.pekko.PekkoRpcService           [] - Starting RPC endpoint for org.apache.flink.runtime.dispatcher.StandaloneDispatcher at pekko://flink/user/rpc/dispatcher_0 .
2025-10-05 20:24:38,411 INFO  org.apache.flink.runtime.rpc.pekko.PekkoRpcService           [] - Starting RPC endpoint for org.apache.flink.runtime.resourcemanager.StandaloneResourceManager at pekko://flink/user/rpc/resourcemanager_1 .
2025-10-05 20:24:38,426 INFO  org.apache.flink.runtime.resourcemanager.StandaloneResourceManager [] - Starting the resource manager.
2025-10-05 20:24:38,433 INFO  org.apache.flink.runtime.resourcemanager.slotmanager.FineGrainedSlotManager [] - Starting the slot manager.
2025-10-05 20:24:38,433 INFO  org.apache.flink.runtime.security.token.DefaultDelegationTokenManager [] - Starting tokens update task
2025-10-05 20:24:38,434 WARN  org.apache.flink.runtime.security.token.DefaultDelegationTokenManager [] - No tokens obtained so skipping notifications
2025-10-05 20:24:38,434 WARN  org.apache.flink.runtime.security.token.DefaultDelegationTokenManager [] - Tokens update task not started because either no tokens obtained or none of the tokens specified its renewal date
2025-10-05 20:24:41,332 INFO  org.apache.flink.runtime.resourcemanager.StandaloneResourceManager [] - Registering TaskManager with ResourceID 10.10.10.2:33763-b40856 (pekko.tcp://flink@10.10.10.2:33763/user/rpc/taskmanager_0) at ResourceManager
2025-10-05 20:24:41,372 INFO  org.apache.flink.runtime.resourcemanager.slotmanager.FineGrainedSlotManager [] - Registering task executor 10.10.10.2:33763-b40856 under 603403335f71a6f9fcf092e9ac2538da at the slot manager.
2025-10-05 20:24:42,335 INFO  org.apache.flink.runtime.resourcemanager.StandaloneResourceManager [] - Registering TaskManager with ResourceID 10.10.10.7:35061-fd0547 (pekko.tcp://flink@10.10.10.7:35061/user/rpc/taskmanager_0) at ResourceManager
2025-10-05 20:24:42,366 INFO  org.apache.flink.runtime.resourcemanager.slotmanager.FineGrainedSlotManager [] - Registering task executor 10.10.10.7:35061-fd0547 under 4f27bde5f6b32817d4c9393b18135913 at the slot manager.
2025-10-05 20:24:42,612 INFO  org.apache.flink.runtime.resourcemanager.StandaloneResourceManager [] - Registering TaskManager with ResourceID 10.10.10.3:45715-1308e5 (pekko.tcp://flink@10.10.10.3:45715/user/rpc/taskmanager_0) at ResourceManager
2025-10-05 20:24:42,635 INFO  org.apache.flink.runtime.resourcemanager.slotmanager.FineGrainedSlotManager [] - Registering task executor 10.10.10.3:45715-1308e5 under 07fdc87bd7bd383297ad7e196ab8993d at the slot manager.
2025-10-05 20:24:43,253 INFO  org.apache.flink.runtime.resourcemanager.StandaloneResourceManager [] - Registering TaskManager with ResourceID 10.10.10.5:38177-25d533 (pekko.tcp://flink@10.10.10.5:38177/user/rpc/taskmanager_0) at ResourceManager
2025-10-05 20:24:43,279 INFO  org.apache.flink.runtime.resourcemanager.slotmanager.FineGrainedSlotManager [] - Registering task executor 10.10.10.5:38177-25d533 under 61200db6a35f26aefee1bab14a87f187 at the slot manager.
2025-10-05 20:24:43,378 INFO  org.apache.flink.runtime.resourcemanager.StandaloneResourceManager [] - Registering TaskManager with ResourceID 10.10.10.8:33471-c1c7be (pekko.tcp://flink@10.10.10.8:33471/user/rpc/taskmanager_0) at ResourceManager
2025-10-05 20:24:43,401 INFO  org.apache.flink.runtime.resourcemanager.slotmanager.FineGrainedSlotManager [] - Registering task executor 10.10.10.8:33471-c1c7be under 16c66a5dc4e006ab838ec0d7da50fcd3 at the slot manager.
2025-10-05 20:24:49,355 INFO  org.apache.flink.runtime.dispatcher.StandaloneDispatcher     [] - Received JobGraph submission 'Streaming CEPLess query' (eb5d30d5cde5e618da19391d9ecd3623).
2025-10-05 20:24:49,360 INFO  org.apache.flink.runtime.dispatcher.StandaloneDispatcher     [] - Submitting job 'Streaming CEPLess query' (eb5d30d5cde5e618da19391d9ecd3623).
2025-10-05 20:24:49,395 INFO  org.apache.flink.runtime.jobmaster.JobMasterServiceLeadershipRunner [] - JobMasterServiceLeadershipRunner for job eb5d30d5cde5e618da19391d9ecd3623 was granted leadership with leader id 00000000-0000-0000-0000-000000000000. Creating new JobMasterServiceProcess.
2025-10-05 20:24:49,410 INFO  org.apache.flink.runtime.rpc.pekko.PekkoRpcService           [] - Starting RPC endpoint for org.apache.flink.runtime.jobmaster.JobMaster at pekko://flink/user/rpc/jobmanager_2 .
2025-10-05 20:24:49,418 INFO  org.apache.flink.runtime.jobmaster.JobMaster                 [] - Initializing job 'Streaming CEPLess query' (eb5d30d5cde5e618da19391d9ecd3623).
2025-10-05 20:24:49,448 INFO  org.apache.flink.runtime.jobmaster.JobMaster                 [] - Using restart back off time strategy FixedDelayRestartBackoffTimeStrategy(maxNumberRestartAttempts=2147483647, backoffTimeMS=1000) for Streaming CEPLess query (eb5d30d5cde5e618da19391d9ecd3623).
2025-10-05 20:24:49,659 INFO  org.apache.flink.runtime.executiongraph.ExecutionGraph       [] - Created execution graph fa1d4c511556a6883f053ac959dfa210 for job eb5d30d5cde5e618da19391d9ecd3623.
2025-10-05 20:24:49,674 INFO  org.apache.flink.runtime.jobmaster.JobMaster                 [] - Running initialization on master for job Streaming CEPLess query (eb5d30d5cde5e618da19391d9ecd3623).
2025-10-05 20:24:49,701 INFO  org.apache.flink.runtime.jobmaster.JobMaster                 [] - Successfully ran initialization on master in 26 ms.
2025-10-05 20:24:49,732 INFO  org.apache.flink.runtime.scheduler.adapter.DefaultExecutionTopology [] - Built 1 new pipelined regions in 2 ms, total 1 pipelined regions currently.
2025-10-05 20:24:49,759 INFO  org.apache.flink.runtime.jobmaster.JobMaster                 [] - Using job/cluster config to configure application-defined state backend: EmbeddedRocksDBStateBackend{, localRocksDbDirectories=[/tmp], enableIncrementalCheckpointing=TRUE, numberOfTransferThreads=4, writeBatchSize=2097152}
2025-10-05 20:24:49,761 INFO  org.apache.flink.contrib.streaming.state.EmbeddedRocksDBStateBackend [] - Using predefined options: DEFAULT.
2025-10-05 20:24:49,761 INFO  org.apache.flink.runtime.jobmaster.JobMaster                 [] - Using application-defined state backend: EmbeddedRocksDBStateBackend{, localRocksDbDirectories=[/tmp], enableIncrementalCheckpointing=TRUE, numberOfTransferThreads=4, writeBatchSize=2097152}
2025-10-05 20:24:49,761 INFO  org.apache.flink.runtime.state.StateBackendLoader            [] - State backend loader loads the state backend as EmbeddedRocksDBStateBackend
2025-10-05 20:24:49,764 INFO  org.apache.flink.runtime.jobmaster.JobMaster                 [] - Using job/cluster config to configure application-defined checkpoint storage: org.apache.flink.runtime.state.storage.FileSystemCheckpointStorage@34cc3916
2025-10-05 20:24:49,797 INFO  org.apache.flink.runtime.checkpoint.CheckpointCoordinator    [] - No checkpoint found during restore.
2025-10-05 20:24:49,804 INFO  org.apache.flink.runtime.jobmaster.JobMaster                 [] - Using failover strategy org.apache.flink.runtime.executiongraph.failover.flip1.RestartPipelinedRegionFailoverStrategy@25e0fedf for Streaming CEPLess query (eb5d30d5cde5e618da19391d9ecd3623).
2025-10-05 20:24:49,816 INFO  org.apache.flink.runtime.jobmaster.JobMaster                 [] - Starting execution of job 'Streaming CEPLess query' (eb5d30d5cde5e618da19391d9ecd3623) under job master id 00000000000000000000000000000000.
2025-10-05 20:24:49,823 INFO  org.apache.flink.runtime.jobmaster.JobMaster                 [] - Starting scheduling with scheduling strategy [org.apache.flink.runtime.scheduler.strategy.PipelinedRegionSchedulingStrategy]
2025-10-05 20:24:49,823 INFO  org.apache.flink.runtime.executiongraph.ExecutionGraph       [] - Job Streaming CEPLess query (eb5d30d5cde5e618da19391d9ecd3623) switched from state CREATED to RUNNING.
2025-10-05 20:24:49,834 INFO  org.apache.flink.runtime.executiongraph.ExecutionGraph       [] - Source: tcp-source (1/1) (fa1d4c511556a6883f053ac959dfa210_bc764cd8ddf7a0cff126f51c16239658_0_0) switched from CREATED to SCHEDULED.
2025-10-05 20:24:49,835 INFO  org.apache.flink.runtime.executiongraph.ExecutionGraph       [] - Map (1/1) (fa1d4c511556a6883f053ac959dfa210_0a448493b4782967b150582570326227_0_0) switched from CREATED to SCHEDULED.
2025-10-05 20:24:49,835 INFO  org.apache.flink.runtime.executiongraph.ExecutionGraph       [] - Map (1/1) (fa1d4c511556a6883f053ac959dfa210_ea632d67b7d595e5b851708ae9ad79d6_0_0) switched from CREATED to SCHEDULED.
2025-10-05 20:24:49,835 INFO  org.apache.flink.runtime.executiongraph.ExecutionGraph       [] - test (1/1) (fa1d4c511556a6883f053ac959dfa210_6d2677a0ecc3fd8df0b72ec675edf8f4_0_0) switched from CREATED to SCHEDULED.
2025-10-05 20:24:49,836 INFO  org.apache.flink.runtime.executiongraph.ExecutionGraph       [] - Map (1/1) (fa1d4c511556a6883f053ac959dfa210_ddb598ad156ed281023ba4eebbe487e3_0_0) switched from CREATED to SCHEDULED.
2025-10-05 20:24:49,836 INFO  org.apache.flink.runtime.executiongraph.ExecutionGraph       [] - Sink: tcp-sink (1/1) (fa1d4c511556a6883f053ac959dfa210_46f8730428df9ecd6d7318a02bdc405e_0_0) switched from CREATED to SCHEDULED.
2025-10-05 20:24:49,856 INFO  org.apache.flink.runtime.jobmaster.JobMaster                 [] - Connecting to ResourceManager pekko.tcp://flink@10.10.10.1:6123/user/rpc/resourcemanager_*(00000000000000000000000000000000)
2025-10-05 20:24:49,863 INFO  org.apache.flink.runtime.jobmaster.JobMaster                 [] - Resolved ResourceManager address, beginning registration
2025-10-05 20:24:49,868 INFO  org.apache.flink.runtime.resourcemanager.StandaloneResourceManager [] - Registering job manager 00000000000000000000000000000000@pekko.tcp://flink@10.10.10.1:6123/user/rpc/jobmanager_2 for job eb5d30d5cde5e618da19391d9ecd3623.
2025-10-05 20:24:49,877 INFO  org.apache.flink.runtime.resourcemanager.StandaloneResourceManager [] - Registered job manager 00000000000000000000000000000000@pekko.tcp://flink@10.10.10.1:6123/user/rpc/jobmanager_2 for job eb5d30d5cde5e618da19391d9ecd3623.
2025-10-05 20:24:49,879 INFO  org.apache.flink.runtime.jobmaster.JobMaster                 [] - JobManager successfully registered at ResourceManager, leader id: 00000000000000000000000000000000.
2025-10-05 20:24:49,882 INFO  org.apache.flink.runtime.resourcemanager.slotmanager.FineGrainedSlotManager [] - Received resource requirements from job eb5d30d5cde5e618da19391d9ecd3623: [ResourceRequirement{resourceProfile=ResourceProfile{UNKNOWN, taskManagerAddress=10.10.10.7}, numberOfRequiredSlots=2}, ResourceRequirement{resourceProfile=ResourceProfile{UNKNOWN, taskManagerAddress=10.10.10.8}, numberOfRequiredSlots=2}, ResourceRequirement{resourceProfile=ResourceProfile{UNKNOWN, taskManagerAddress=10.10.10.3}, numberOfRequiredSlots=2}]
2025-10-05 20:24:49,955 INFO  org.apache.flink.runtime.resourcemanager.slotmanager.FineGrainedSlotManager [] - Matching resource requirements against available resources.
Missing resources:
	 Job eb5d30d5cde5e618da19391d9ecd3623
		ResourceRequirement{resourceProfile=ResourceProfile{UNKNOWN, taskManagerAddress=10.10.10.7}, numberOfRequiredSlots=2}
		ResourceRequirement{resourceProfile=ResourceProfile{UNKNOWN, taskManagerAddress=10.10.10.3}, numberOfRequiredSlots=2}
		ResourceRequirement{resourceProfile=ResourceProfile{UNKNOWN, taskManagerAddress=10.10.10.8}, numberOfRequiredSlots=2}
Current resources:
	TaskManager 10.10.10.7:35061-fd0547
		Available: ResourceProfile{cpuCores=2, taskHeapMemory=384.000mb (402653174 bytes), taskOffHeapMemory=0 bytes, managedMemory=512.000mb (536870920 bytes), networkMemory=128.000mb (134217730 bytes), taskManagerAddress=10.10.10.7}
		Total:     ResourceProfile{cpuCores=2, taskHeapMemory=384.000mb (402653174 bytes), taskOffHeapMemory=0 bytes, managedMemory=512.000mb (536870920 bytes), networkMemory=128.000mb (134217730 bytes), taskManagerAddress=10.10.10.7}
	TaskManager 10.10.10.5:38177-25d533
		Available: ResourceProfile{cpuCores=2, taskHeapMemory=384.000mb (402653174 bytes), taskOffHeapMemory=0 bytes, managedMemory=512.000mb (536870920 bytes), networkMemory=128.000mb (134217730 bytes), taskManagerAddress=10.10.10.5}
		Total:     ResourceProfile{cpuCores=2, taskHeapMemory=384.000mb (402653174 bytes), taskOffHeapMemory=0 bytes, managedMemory=512.000mb (536870920 bytes), networkMemory=128.000mb (134217730 bytes), taskManagerAddress=10.10.10.5}
	TaskManager 10.10.10.3:45715-1308e5
		Available: ResourceProfile{cpuCores=2, taskHeapMemory=384.000mb (402653174 bytes), taskOffHeapMemory=0 bytes, managedMemory=512.000mb (536870920 bytes), networkMemory=128.000mb (134217730 bytes), taskManagerAddress=10.10.10.3}
		Total:     ResourceProfile{cpuCores=2, taskHeapMemory=384.000mb (402653174 bytes), taskOffHeapMemory=0 bytes, managedMemory=512.000mb (536870920 bytes), networkMemory=128.000mb (134217730 bytes), taskManagerAddress=10.10.10.3}
	TaskManager 10.10.10.2:33763-b40856
		Available: ResourceProfile{cpuCores=2, taskHeapMemory=384.000mb (402653174 bytes), taskOffHeapMemory=0 bytes, managedMemory=512.000mb (536870920 bytes), networkMemory=128.000mb (134217730 bytes), taskManagerAddress=10.10.10.2}
		Total:     ResourceProfile{cpuCores=2, taskHeapMemory=384.000mb (402653174 bytes), taskOffHeapMemory=0 bytes, managedMemory=512.000mb (536870920 bytes), networkMemory=128.000mb (134217730 bytes), taskManagerAddress=10.10.10.2}
	TaskManager 10.10.10.8:33471-c1c7be
		Available: ResourceProfile{cpuCores=2, taskHeapMemory=384.000mb (402653174 bytes), taskOffHeapMemory=0 bytes, managedMemory=512.000mb (536870920 bytes), networkMemory=128.000mb (134217730 bytes), taskManagerAddress=10.10.10.8}
		Total:     ResourceProfile{cpuCores=2, taskHeapMemory=384.000mb (402653174 bytes), taskOffHeapMemory=0 bytes, managedMemory=512.000mb (536870920 bytes), networkMemory=128.000mb (134217730 bytes), taskManagerAddress=10.10.10.8}
2025-10-05 20:24:49,961 INFO  org.apache.flink.runtime.resourcemanager.slotmanager.DefaultSlotStatusSyncer [] - Starting allocation of slot 6ca670bf07d3b8debc796a9cadb19e88 from 10.10.10.7:35061-fd0547 for job eb5d30d5cde5e618da19391d9ecd3623 with resource profile ResourceProfile{cpuCores=1, taskHeapMemory=192.000mb (201326587 bytes), taskOffHeapMemory=0 bytes, managedMemory=256.000mb (268435460 bytes), networkMemory=64.000mb (67108865 bytes), taskManagerAddress=10.10.10.7}.
2025-10-05 20:24:49,965 INFO  org.apache.flink.runtime.resourcemanager.slotmanager.DefaultSlotStatusSyncer [] - Starting allocation of slot fcef8fdbf40f8fafdf5a7a7cec6aaf93 from 10.10.10.7:35061-fd0547 for job eb5d30d5cde5e618da19391d9ecd3623 with resource profile ResourceProfile{cpuCores=1, taskHeapMemory=192.000mb (201326587 bytes), taskOffHeapMemory=0 bytes, managedMemory=256.000mb (268435460 bytes), networkMemory=64.000mb (67108865 bytes), taskManagerAddress=10.10.10.7}.
2025-10-05 20:24:49,966 INFO  org.apache.flink.runtime.resourcemanager.slotmanager.DefaultSlotStatusSyncer [] - Starting allocation of slot 27050500e897e6cfd9d2140d32e31947 from 10.10.10.3:45715-1308e5 for job eb5d30d5cde5e618da19391d9ecd3623 with resource profile ResourceProfile{cpuCores=1, taskHeapMemory=192.000mb (201326587 bytes), taskOffHeapMemory=0 bytes, managedMemory=256.000mb (268435460 bytes), networkMemory=64.000mb (67108865 bytes), taskManagerAddress=10.10.10.3}.
2025-10-05 20:24:49,966 INFO  org.apache.flink.runtime.resourcemanager.slotmanager.DefaultSlotStatusSyncer [] - Starting allocation of slot 97c98a5418938cdb38db981c53392c95 from 10.10.10.3:45715-1308e5 for job eb5d30d5cde5e618da19391d9ecd3623 with resource profile ResourceProfile{cpuCores=1, taskHeapMemory=192.000mb (201326587 bytes), taskOffHeapMemory=0 bytes, managedMemory=256.000mb (268435460 bytes), networkMemory=64.000mb (67108865 bytes), taskManagerAddress=10.10.10.3}.
2025-10-05 20:24:49,967 INFO  org.apache.flink.runtime.resourcemanager.slotmanager.DefaultSlotStatusSyncer [] - Starting allocation of slot 72636cd94958a02252de48b78ea7f5dc from 10.10.10.8:33471-c1c7be for job eb5d30d5cde5e618da19391d9ecd3623 with resource profile ResourceProfile{cpuCores=1, taskHeapMemory=192.000mb (201326587 bytes), taskOffHeapMemory=0 bytes, managedMemory=256.000mb (268435460 bytes), networkMemory=64.000mb (67108865 bytes), taskManagerAddress=10.10.10.8}.
2025-10-05 20:24:49,967 INFO  org.apache.flink.runtime.resourcemanager.slotmanager.DefaultSlotStatusSyncer [] - Starting allocation of slot 9ebcd506c0b06dadc4a0d5e46793dd8e from 10.10.10.8:33471-c1c7be for job eb5d30d5cde5e618da19391d9ecd3623 with resource profile ResourceProfile{cpuCores=1, taskHeapMemory=192.000mb (201326587 bytes), taskOffHeapMemory=0 bytes, managedMemory=256.000mb (268435460 bytes), networkMemory=64.000mb (67108865 bytes), taskManagerAddress=10.10.10.8}.
2025-10-05 20:24:50,048 WARN  org.apache.flink.runtime.taskmanager.TaskManagerLocation     [] - No hostname could be resolved for the IP address 10.10.10.3, using IP address as host name. Local input split assignment (such as for HDFS files) may be impacted.
2025-10-05 20:24:50,050 INFO  org.apache.flink.runtime.jobmaster.slotpool.SimpleRequestSlotMatchingStrategy [] - Matching pending requests [PendingRequest{slotRequestId=SlotRequestId{dc375265101b3e5b03c58111b2d4e752}, resourceProfile=ResourceProfile{UNKNOWN, taskManagerAddress=10.10.10.7}, preferredAllocations=[], isBatchRequest=false, unfulfillableSince=9223372036854775807}, PendingRequest{slotRequestId=SlotRequestId{926cd90b0f872cb3b46c7b696c5ab23f}, resourceProfile=ResourceProfile{UNKNOWN, taskManagerAddress=10.10.10.3}, preferredAllocations=[], isBatchRequest=false, unfulfillableSince=9223372036854775807}, PendingRequest{slotRequestId=SlotRequestId{2dd95cd11a8072ceb33e5ae9d711cfb7}, resourceProfile=ResourceProfile{UNKNOWN, taskManagerAddress=10.10.10.8}, preferredAllocations=[], isBatchRequest=false, unfulfillableSince=9223372036854775807}, PendingRequest{slotRequestId=SlotRequestId{9bc402694124380b09ec116c3315d22e}, resourceProfile=ResourceProfile{UNKNOWN, taskManagerAddress=10.10.10.8}, preferredAllocations=[], isBatchRequest=false, unfulfillableSince=9223372036854775807}, PendingRequest{slotRequestId=SlotRequestId{e2954b983e18bbedbee04173da0f93b8}, resourceProfile=ResourceProfile{UNKNOWN, taskManagerAddress=10.10.10.3}, preferredAllocations=[], isBatchRequest=false, unfulfillableSince=9223372036854775807}, PendingRequest{slotRequestId=SlotRequestId{cce7bbdf44d00b762a8acff4cf4a82f4}, resourceProfile=ResourceProfile{UNKNOWN, taskManagerAddress=10.10.10.7}, preferredAllocations=[], isBatchRequest=false, unfulfillableSince=9223372036854775807}] with available slots [AllocatedSlot 27050500e897e6cfd9d2140d32e31947 @ 10.10.10.3:45715-1308e5 @ 10.10.10.3 (dataPort=43755) - 2, AllocatedSlot 97c98a5418938cdb38db981c53392c95 @ 10.10.10.3:45715-1308e5 @ 10.10.10.3 (dataPort=43755) - 3]
2025-10-05 20:24:50,051 INFO  org.apache.flink.runtime.resourcemanager.slotmanager.FineGrainedSlotManager [] - Received resource requirements from job eb5d30d5cde5e618da19391d9ecd3623: [ResourceRequirement{resourceProfile=ResourceProfile{UNKNOWN, taskManagerAddress=10.10.10.7}, numberOfRequiredSlots=2}, ResourceRequirement{resourceProfile=ResourceProfile{UNKNOWN, taskManagerAddress=10.10.10.8}, numberOfRequiredSlots=2}, ResourceRequirement{resourceProfile=ResourceProfile{UNKNOWN, taskManagerAddress=10.10.10.3}, numberOfRequiredSlots=1}]
2025-10-05 20:24:50,052 INFO  org.apache.flink.runtime.resourcemanager.slotmanager.FineGrainedSlotManager [] - Received resource requirements from job eb5d30d5cde5e618da19391d9ecd3623: [ResourceRequirement{resourceProfile=ResourceProfile{UNKNOWN, taskManagerAddress=10.10.10.7}, numberOfRequiredSlots=3}, ResourceRequirement{resourceProfile=ResourceProfile{UNKNOWN, taskManagerAddress=10.10.10.8}, numberOfRequiredSlots=2}, ResourceRequirement{resourceProfile=ResourceProfile{UNKNOWN, taskManagerAddress=10.10.10.3}, numberOfRequiredSlots=1}]
2025-10-05 20:24:50,053 INFO  org.apache.flink.runtime.resourcemanager.slotmanager.FineGrainedSlotManager [] - Received resource requirements from job eb5d30d5cde5e618da19391d9ecd3623: [ResourceRequirement{resourceProfile=ResourceProfile{UNKNOWN, taskManagerAddress=10.10.10.7}, numberOfRequiredSlots=3}, ResourceRequirement{resourceProfile=ResourceProfile{UNKNOWN, taskManagerAddress=10.10.10.8}, numberOfRequiredSlots=2}]
2025-10-05 20:24:50,053 INFO  org.apache.flink.runtime.resourcemanager.slotmanager.FineGrainedSlotManager [] - Received resource requirements from job eb5d30d5cde5e618da19391d9ecd3623: [ResourceRequirement{resourceProfile=ResourceProfile{UNKNOWN, taskManagerAddress=10.10.10.7}, numberOfRequiredSlots=4}, ResourceRequirement{resourceProfile=ResourceProfile{UNKNOWN, taskManagerAddress=10.10.10.8}, numberOfRequiredSlots=2}]
2025-10-05 20:24:50,059 WARN  org.apache.flink.runtime.taskmanager.TaskManagerLocation     [] - No hostname could be resolved for the IP address 10.10.10.7, using IP address as host name. Local input split assignment (such as for HDFS files) may be impacted.
2025-10-05 20:24:50,060 INFO  org.apache.flink.runtime.jobmaster.slotpool.SimpleRequestSlotMatchingStrategy [] - Matching pending requests [PendingRequest{slotRequestId=SlotRequestId{dc375265101b3e5b03c58111b2d4e752}, resourceProfile=ResourceProfile{UNKNOWN, taskManagerAddress=10.10.10.7}, preferredAllocations=[], isBatchRequest=false, unfulfillableSince=9223372036854775807}, PendingRequest{slotRequestId=SlotRequestId{2dd95cd11a8072ceb33e5ae9d711cfb7}, resourceProfile=ResourceProfile{UNKNOWN, taskManagerAddress=10.10.10.8}, preferredAllocations=[], isBatchRequest=false, unfulfillableSince=9223372036854775807}, PendingRequest{slotRequestId=SlotRequestId{9bc402694124380b09ec116c3315d22e}, resourceProfile=ResourceProfile{UNKNOWN, taskManagerAddress=10.10.10.8}, preferredAllocations=[], isBatchRequest=false, unfulfillableSince=9223372036854775807}, PendingRequest{slotRequestId=SlotRequestId{cce7bbdf44d00b762a8acff4cf4a82f4}, resourceProfile=ResourceProfile{UNKNOWN, taskManagerAddress=10.10.10.7}, preferredAllocations=[], isBatchRequest=false, unfulfillableSince=9223372036854775807}] with available slots [AllocatedSlot 6ca670bf07d3b8debc796a9cadb19e88 @ 10.10.10.7:35061-fd0547 @ 10.10.10.7 (dataPort=35877) - 2, AllocatedSlot fcef8fdbf40f8fafdf5a7a7cec6aaf93 @ 10.10.10.7:35061-fd0547 @ 10.10.10.7 (dataPort=35877) - 3]
2025-10-05 20:24:50,646 WARN  org.apache.flink.runtime.taskmanager.TaskManagerLocation     [] - No hostname could be resolved for the IP address 10.10.10.8, using IP address as host name. Local input split assignment (such as for HDFS files) may be impacted.
2025-10-05 20:24:50,647 INFO  org.apache.flink.runtime.jobmaster.slotpool.SimpleRequestSlotMatchingStrategy [] - Matching pending requests [PendingRequest{slotRequestId=SlotRequestId{2dd95cd11a8072ceb33e5ae9d711cfb7}, resourceProfile=ResourceProfile{UNKNOWN, taskManagerAddress=10.10.10.8}, preferredAllocations=[], isBatchRequest=false, unfulfillableSince=9223372036854775807}, PendingRequest{slotRequestId=SlotRequestId{9bc402694124380b09ec116c3315d22e}, resourceProfile=ResourceProfile{UNKNOWN, taskManagerAddress=10.10.10.8}, preferredAllocations=[], isBatchRequest=false, unfulfillableSince=9223372036854775807}] with available slots [AllocatedSlot 72636cd94958a02252de48b78ea7f5dc @ 10.10.10.8:33471-c1c7be @ 10.10.10.8 (dataPort=46775) - 2, AllocatedSlot 9ebcd506c0b06dadc4a0d5e46793dd8e @ 10.10.10.8:33471-c1c7be @ 10.10.10.8 (dataPort=46775) - 3]
2025-10-05 20:24:50,648 INFO  org.apache.flink.runtime.resourcemanager.slotmanager.FineGrainedSlotManager [] - Received resource requirements from job eb5d30d5cde5e618da19391d9ecd3623: [ResourceRequirement{resourceProfile=ResourceProfile{UNKNOWN, taskManagerAddress=10.10.10.7}, numberOfRequiredSlots=4}, ResourceRequirement{resourceProfile=ResourceProfile{UNKNOWN, taskManagerAddress=10.10.10.8}, numberOfRequiredSlots=1}]
2025-10-05 20:24:50,650 INFO  org.apache.flink.runtime.resourcemanager.slotmanager.FineGrainedSlotManager [] - Received resource requirements from job eb5d30d5cde5e618da19391d9ecd3623: [ResourceRequirement{resourceProfile=ResourceProfile{UNKNOWN, taskManagerAddress=10.10.10.7}, numberOfRequiredSlots=5}, ResourceRequirement{resourceProfile=ResourceProfile{UNKNOWN, taskManagerAddress=10.10.10.8}, numberOfRequiredSlots=1}]
2025-10-05 20:24:50,651 INFO  org.apache.flink.runtime.executiongraph.ExecutionGraph       [] - Source: tcp-source (1/1) (fa1d4c511556a6883f053ac959dfa210_bc764cd8ddf7a0cff126f51c16239658_0_0) switched from SCHEDULED to DEPLOYING.
2025-10-05 20:24:50,651 INFO  org.apache.flink.runtime.resourcemanager.slotmanager.FineGrainedSlotManager [] - Received resource requirements from job eb5d30d5cde5e618da19391d9ecd3623: [ResourceRequirement{resourceProfile=ResourceProfile{UNKNOWN, taskManagerAddress=10.10.10.7}, numberOfRequiredSlots=5}]
2025-10-05 20:24:50,652 INFO  org.apache.flink.runtime.executiongraph.ExecutionGraph       [] - Deploying Source: tcp-source (1/1) (attempt #0) with attempt id fa1d4c511556a6883f053ac959dfa210_bc764cd8ddf7a0cff126f51c16239658_0_0 and vertex id bc764cd8ddf7a0cff126f51c16239658_0 to 10.10.10.8:33471-c1c7be @ 10.10.10.8 (dataPort=46775) with allocation id 72636cd94958a02252de48b78ea7f5dc
2025-10-05 20:24:50,652 INFO  org.apache.flink.runtime.resourcemanager.slotmanager.FineGrainedSlotManager [] - Received resource requirements from job eb5d30d5cde5e618da19391d9ecd3623: [ResourceRequirement{resourceProfile=ResourceProfile{UNKNOWN, taskManagerAddress=10.10.10.7}, numberOfRequiredSlots=6}]
2025-10-05 20:24:50,659 INFO  org.apache.flink.runtime.executiongraph.ExecutionGraph       [] - Map (1/1) (fa1d4c511556a6883f053ac959dfa210_0a448493b4782967b150582570326227_0_0) switched from SCHEDULED to DEPLOYING.
2025-10-05 20:24:50,660 INFO  org.apache.flink.runtime.executiongraph.ExecutionGraph       [] - Deploying Map (1/1) (attempt #0) with attempt id fa1d4c511556a6883f053ac959dfa210_0a448493b4782967b150582570326227_0_0 and vertex id 0a448493b4782967b150582570326227_0 to 10.10.10.8:33471-c1c7be @ 10.10.10.8 (dataPort=46775) with allocation id 9ebcd506c0b06dadc4a0d5e46793dd8e
2025-10-05 20:24:50,675 INFO  org.apache.flink.runtime.executiongraph.ExecutionGraph       [] - Map (1/1) (fa1d4c511556a6883f053ac959dfa210_ea632d67b7d595e5b851708ae9ad79d6_0_0) switched from SCHEDULED to DEPLOYING.
2025-10-05 20:24:50,675 INFO  org.apache.flink.runtime.executiongraph.ExecutionGraph       [] - Deploying Map (1/1) (attempt #0) with attempt id fa1d4c511556a6883f053ac959dfa210_ea632d67b7d595e5b851708ae9ad79d6_0_0 and vertex id ea632d67b7d595e5b851708ae9ad79d6_0 to 10.10.10.7:35061-fd0547 @ 10.10.10.7 (dataPort=35877) with allocation id 6ca670bf07d3b8debc796a9cadb19e88
2025-10-05 20:24:50,678 INFO  org.apache.flink.runtime.executiongraph.ExecutionGraph       [] - test (1/1) (fa1d4c511556a6883f053ac959dfa210_6d2677a0ecc3fd8df0b72ec675edf8f4_0_0) switched from SCHEDULED to DEPLOYING.
2025-10-05 20:24:50,678 INFO  org.apache.flink.runtime.executiongraph.ExecutionGraph       [] - Deploying test (1/1) (attempt #0) with attempt id fa1d4c511556a6883f053ac959dfa210_6d2677a0ecc3fd8df0b72ec675edf8f4_0_0 and vertex id 6d2677a0ecc3fd8df0b72ec675edf8f4_0 to 10.10.10.7:35061-fd0547 @ 10.10.10.7 (dataPort=35877) with allocation id fcef8fdbf40f8fafdf5a7a7cec6aaf93
2025-10-05 20:24:50,681 INFO  org.apache.flink.runtime.executiongraph.ExecutionGraph       [] - Map (1/1) (fa1d4c511556a6883f053ac959dfa210_ddb598ad156ed281023ba4eebbe487e3_0_0) switched from SCHEDULED to DEPLOYING.
2025-10-05 20:24:50,681 INFO  org.apache.flink.runtime.executiongraph.ExecutionGraph       [] - Deploying Map (1/1) (attempt #0) with attempt id fa1d4c511556a6883f053ac959dfa210_ddb598ad156ed281023ba4eebbe487e3_0_0 and vertex id ddb598ad156ed281023ba4eebbe487e3_0 to 10.10.10.3:45715-1308e5 @ 10.10.10.3 (dataPort=43755) with allocation id 97c98a5418938cdb38db981c53392c95
2025-10-05 20:24:50,684 INFO  org.apache.flink.runtime.executiongraph.ExecutionGraph       [] - Sink: tcp-sink (1/1) (fa1d4c511556a6883f053ac959dfa210_46f8730428df9ecd6d7318a02bdc405e_0_0) switched from SCHEDULED to DEPLOYING.
2025-10-05 20:24:50,684 INFO  org.apache.flink.runtime.executiongraph.ExecutionGraph       [] - Deploying Sink: tcp-sink (1/1) (attempt #0) with attempt id fa1d4c511556a6883f053ac959dfa210_46f8730428df9ecd6d7318a02bdc405e_0_0 and vertex id 46f8730428df9ecd6d7318a02bdc405e_0 to 10.10.10.3:45715-1308e5 @ 10.10.10.3 (dataPort=43755) with allocation id 27050500e897e6cfd9d2140d32e31947
2025-10-05 20:24:51,107 INFO  org.apache.flink.runtime.executiongraph.ExecutionGraph       [] - Map (1/1) (fa1d4c511556a6883f053ac959dfa210_ddb598ad156ed281023ba4eebbe487e3_0_0) switched from DEPLOYING to INITIALIZING.
2025-10-05 20:24:51,108 INFO  org.apache.flink.runtime.executiongraph.ExecutionGraph       [] - Sink: tcp-sink (1/1) (fa1d4c511556a6883f053ac959dfa210_46f8730428df9ecd6d7318a02bdc405e_0_0) switched from DEPLOYING to INITIALIZING.
2025-10-05 20:24:51,126 INFO  org.apache.flink.runtime.executiongraph.ExecutionGraph       [] - Map (1/1) (fa1d4c511556a6883f053ac959dfa210_ea632d67b7d595e5b851708ae9ad79d6_0_0) switched from DEPLOYING to INITIALIZING.
2025-10-05 20:24:51,127 INFO  org.apache.flink.runtime.executiongraph.ExecutionGraph       [] - test (1/1) (fa1d4c511556a6883f053ac959dfa210_6d2677a0ecc3fd8df0b72ec675edf8f4_0_0) switched from DEPLOYING to INITIALIZING.
2025-10-05 20:24:51,228 INFO  org.apache.flink.runtime.executiongraph.ExecutionGraph       [] - Map (1/1) (fa1d4c511556a6883f053ac959dfa210_ddb598ad156ed281023ba4eebbe487e3_0_0) switched from INITIALIZING to RUNNING.
2025-10-05 20:24:51,229 INFO  org.apache.flink.runtime.executiongraph.ExecutionGraph       [] - Sink: tcp-sink (1/1) (fa1d4c511556a6883f053ac959dfa210_46f8730428df9ecd6d7318a02bdc405e_0_0) switched from INITIALIZING to RUNNING.
2025-10-05 20:24:51,233 INFO  org.apache.flink.runtime.executiongraph.ExecutionGraph       [] - Map (1/1) (fa1d4c511556a6883f053ac959dfa210_ea632d67b7d595e5b851708ae9ad79d6_0_0) switched from INITIALIZING to RUNNING.
2025-10-05 20:24:53,484 INFO  org.apache.flink.runtime.executiongraph.ExecutionGraph       [] - test (1/1) (fa1d4c511556a6883f053ac959dfa210_6d2677a0ecc3fd8df0b72ec675edf8f4_0_0) switched from INITIALIZING to RUNNING.
2025-10-05 20:24:56,737 INFO  org.apache.flink.runtime.executiongraph.ExecutionGraph       [] - Map (1/1) (fa1d4c511556a6883f053ac959dfa210_0a448493b4782967b150582570326227_0_0) switched from DEPLOYING to INITIALIZING.
2025-10-05 20:24:56,738 INFO  org.apache.flink.runtime.executiongraph.ExecutionGraph       [] - Source: tcp-source (1/1) (fa1d4c511556a6883f053ac959dfa210_bc764cd8ddf7a0cff126f51c16239658_0_0) switched from DEPLOYING to INITIALIZING.
2025-10-05 20:24:59,340 INFO  org.apache.flink.runtime.executiongraph.ExecutionGraph       [] - Source: tcp-source (1/1) (fa1d4c511556a6883f053ac959dfa210_bc764cd8ddf7a0cff126f51c16239658_0_0) switched from INITIALIZING to RUNNING.
2025-10-05 20:24:59,437 INFO  org.apache.flink.runtime.executiongraph.ExecutionGraph       [] - Map (1/1) (fa1d4c511556a6883f053ac959dfa210_0a448493b4782967b150582570326227_0_0) switched from INITIALIZING to RUNNING.
2025-10-05 20:25:39,670 INFO  org.apache.flink.runtime.executiongraph.ExecutionGraph       [] - Map (1/1) (fa1d4c511556a6883f053ac959dfa210_ea632d67b7d595e5b851708ae9ad79d6_0_0) switched from RUNNING to FINISHED.
2025-10-05 20:25:39,675 INFO  org.apache.flink.runtime.resourcemanager.slotmanager.FineGrainedSlotManager [] - Received resource requirements from job eb5d30d5cde5e618da19391d9ecd3623: [ResourceRequirement{resourceProfile=ResourceProfile{UNKNOWN, taskManagerAddress=10.10.10.7}, numberOfRequiredSlots=5}]
2025-10-05 20:25:39,678 INFO  org.apache.flink.runtime.executiongraph.ExecutionGraph       [] - test (1/1) (fa1d4c511556a6883f053ac959dfa210_6d2677a0ecc3fd8df0b72ec675edf8f4_0_0) switched from RUNNING to FINISHED.
2025-10-05 20:25:39,680 INFO  org.apache.flink.runtime.resourcemanager.slotmanager.FineGrainedSlotManager [] - Received resource requirements from job eb5d30d5cde5e618da19391d9ecd3623: [ResourceRequirement{resourceProfile=ResourceProfile{UNKNOWN, taskManagerAddress=10.10.10.7}, numberOfRequiredSlots=4}]
2025-10-05 20:25:39,680 INFO  org.apache.flink.runtime.executiongraph.ExecutionGraph       [] - Sink: tcp-sink (1/1) (fa1d4c511556a6883f053ac959dfa210_46f8730428df9ecd6d7318a02bdc405e_0_0) switched from RUNNING to FINISHED.
2025-10-05 20:25:39,681 INFO  org.apache.flink.runtime.resourcemanager.slotmanager.FineGrainedSlotManager [] - Received resource requirements from job eb5d30d5cde5e618da19391d9ecd3623: [ResourceRequirement{resourceProfile=ResourceProfile{UNKNOWN, taskManagerAddress=10.10.10.7}, numberOfRequiredSlots=4}]
2025-10-05 20:25:39,683 INFO  org.apache.flink.runtime.executiongraph.ExecutionGraph       [] - Map (1/1) (fa1d4c511556a6883f053ac959dfa210_ddb598ad156ed281023ba4eebbe487e3_0_0) switched from RUNNING to FINISHED.
2025-10-05 20:25:39,684 INFO  org.apache.flink.runtime.resourcemanager.slotmanager.FineGrainedSlotManager [] - Received resource requirements from job eb5d30d5cde5e618da19391d9ecd3623: [ResourceRequirement{resourceProfile=ResourceProfile{UNKNOWN, taskManagerAddress=10.10.10.7}, numberOfRequiredSlots=4}]
2025-10-05 20:25:39,838 INFO  org.apache.flink.runtime.executiongraph.ExecutionGraph       [] - Source: tcp-source (1/1) (fa1d4c511556a6883f053ac959dfa210_bc764cd8ddf7a0cff126f51c16239658_0_0) switched from RUNNING to FINISHED.
2025-10-05 20:25:39,839 INFO  org.apache.flink.runtime.resourcemanager.slotmanager.FineGrainedSlotManager [] - Received resource requirements from job eb5d30d5cde5e618da19391d9ecd3623: [ResourceRequirement{resourceProfile=ResourceProfile{UNKNOWN, taskManagerAddress=10.10.10.7}, numberOfRequiredSlots=4}]
2025-10-05 20:25:39,840 INFO  org.apache.flink.runtime.executiongraph.ExecutionGraph       [] - Map (1/1) (fa1d4c511556a6883f053ac959dfa210_0a448493b4782967b150582570326227_0_0) switched from RUNNING to FINISHED.
2025-10-05 20:25:39,841 INFO  org.apache.flink.runtime.resourcemanager.slotmanager.FineGrainedSlotManager [] - Received resource requirements from job eb5d30d5cde5e618da19391d9ecd3623: [ResourceRequirement{resourceProfile=ResourceProfile{UNKNOWN, taskManagerAddress=10.10.10.7}, numberOfRequiredSlots=4}]
2025-10-05 20:25:39,844 INFO  org.apache.flink.runtime.executiongraph.ExecutionGraph       [] - Job Streaming CEPLess query (eb5d30d5cde5e618da19391d9ecd3623) switched from state RUNNING to FINISHED.
2025-10-05 20:25:39,845 INFO  org.apache.flink.runtime.checkpoint.CheckpointCoordinator    [] - Stopping checkpoint coordinator for job eb5d30d5cde5e618da19391d9ecd3623.
2025-10-05 20:25:39,854 INFO  org.apache.flink.runtime.dispatcher.StandaloneDispatcher     [] - Job eb5d30d5cde5e618da19391d9ecd3623 reached terminal state FINISHED.
2025-10-05 20:25:39,894 INFO  org.apache.flink.runtime.dispatcher.StandaloneDispatcher     [] - Job eb5d30d5cde5e618da19391d9ecd3623 has been registered for cleanup in the JobResultStore after reaching a terminal state.
2025-10-05 20:25:39,900 INFO  org.apache.flink.runtime.jobmaster.JobMaster                 [] - Stopping the JobMaster for job 'Streaming CEPLess query' (eb5d30d5cde5e618da19391d9ecd3623).
2025-10-05 20:25:39,907 INFO  org.apache.flink.runtime.checkpoint.StandaloneCompletedCheckpointStore [] - Shutting down
2025-10-05 20:25:39,908 INFO  org.apache.flink.runtime.jobmaster.JobMaster                 [] - Disconnect TaskExecutor 10.10.10.3:45715-1308e5 because: Stopping JobMaster for job 'Streaming CEPLess query' (eb5d30d5cde5e618da19391d9ecd3623).
2025-10-05 20:25:39,909 INFO  org.apache.flink.runtime.jobmaster.slotpool.DefaultDeclarativeSlotPool [] - Releasing slot [27050500e897e6cfd9d2140d32e31947].
2025-10-05 20:25:39,910 INFO  org.apache.flink.runtime.jobmaster.slotpool.DefaultDeclarativeSlotPool [] - Releasing slot [97c98a5418938cdb38db981c53392c95].
2025-10-05 20:25:39,913 INFO  org.apache.flink.runtime.jobmaster.JobMaster                 [] - Disconnect TaskExecutor 10.10.10.7:35061-fd0547 because: Stopping JobMaster for job 'Streaming CEPLess query' (eb5d30d5cde5e618da19391d9ecd3623).
2025-10-05 20:25:39,913 INFO  org.apache.flink.runtime.jobmaster.slotpool.DefaultDeclarativeSlotPool [] - Releasing slot [6ca670bf07d3b8debc796a9cadb19e88].
2025-10-05 20:25:39,914 INFO  org.apache.flink.runtime.jobmaster.slotpool.DefaultDeclarativeSlotPool [] - Releasing slot [fcef8fdbf40f8fafdf5a7a7cec6aaf93].
2025-10-05 20:25:39,914 INFO  org.apache.flink.runtime.jobmaster.JobMaster                 [] - Disconnect TaskExecutor 10.10.10.8:33471-c1c7be because: Stopping JobMaster for job 'Streaming CEPLess query' (eb5d30d5cde5e618da19391d9ecd3623).
2025-10-05 20:25:39,914 INFO  org.apache.flink.runtime.jobmaster.slotpool.DefaultDeclarativeSlotPool [] - Releasing slot [72636cd94958a02252de48b78ea7f5dc].
2025-10-05 20:25:39,915 INFO  org.apache.flink.runtime.jobmaster.slotpool.DefaultDeclarativeSlotPool [] - Releasing slot [9ebcd506c0b06dadc4a0d5e46793dd8e].
2025-10-05 20:25:39,915 INFO  org.apache.flink.runtime.jobmaster.JobMaster                 [] - Close ResourceManager connection c7c2d5d2bf7fc1ed0f139aaa3b9be037: Stopping JobMaster for job 'Streaming CEPLess query' (eb5d30d5cde5e618da19391d9ecd3623).
2025-10-05 20:25:39,916 INFO  org.apache.flink.runtime.resourcemanager.StandaloneResourceManager [] - Disconnect job manager 00000000000000000000000000000000@pekko.tcp://flink@10.10.10.1:6123/user/rpc/jobmanager_2 for job eb5d30d5cde5e618da19391d9ecd3623 from the resource manager.
2025-10-05 20:25:39,927 INFO  org.apache.flink.runtime.resourcemanager.slotmanager.DefaultSlotStatusSyncer [] - Freeing slot 6ca670bf07d3b8debc796a9cadb19e88.
2025-10-05 20:25:39,928 INFO  org.apache.flink.runtime.resourcemanager.slotmanager.DefaultSlotStatusSyncer [] - Freeing slot 27050500e897e6cfd9d2140d32e31947.
2025-10-05 20:25:39,929 INFO  org.apache.flink.runtime.resourcemanager.slotmanager.DefaultSlotStatusSyncer [] - Freeing slot fcef8fdbf40f8fafdf5a7a7cec6aaf93.
2025-10-05 20:25:39,929 INFO  org.apache.flink.runtime.resourcemanager.slotmanager.DefaultSlotStatusSyncer [] - Freeing slot 97c98a5418938cdb38db981c53392c95.
2025-10-05 20:25:39,945 INFO  org.apache.flink.runtime.resourcemanager.slotmanager.DefaultSlotStatusSyncer [] - Freeing slot 72636cd94958a02252de48b78ea7f5dc.
2025-10-05 20:25:40,037 INFO  org.apache.flink.runtime.resourcemanager.slotmanager.DefaultSlotStatusSyncer [] - Freeing slot 9ebcd506c0b06dadc4a0d5e46793dd8e.
2025-10-05 20:25:43,501 INFO  org.apache.flink.runtime.entrypoint.ClusterEntrypoint        [] - RECEIVED SIGNAL 2: SIGINT. Shutting down as requested.
2025-10-05 20:25:43,505 INFO  org.apache.flink.runtime.entrypoint.ClusterEntrypoint        [] - Shutting StandaloneSessionClusterEntrypoint down with application status UNKNOWN. Diagnostics Cluster entrypoint has been closed externally..
2025-10-05 20:25:43,507 INFO  org.apache.flink.runtime.blob.BlobServer                     [] - Stopped BLOB server at 0.0.0.0:36177
2025-10-05 20:25:43,587 INFO  org.apache.pekko.remote.RemoteActorRefProvider$RemotingTerminator [] - Shutting down remote daemon.
2025-10-05 20:25:43,588 INFO  org.apache.pekko.actor.CoordinatedShutdown                   [] - Running CoordinatedShutdown with reason [ActorSystemTerminateReason]
2025-10-05 20:25:43,589 INFO  org.apache.pekko.remote.RemoteActorRefProvider$RemotingTerminator [] - Remote daemon shut down; proceeding with flushing remote transports.
2025-10-05 20:25:43,590 INFO  org.apache.pekko.remote.RemoteActorRefProvider$RemotingTerminator [] - Shutting down remote daemon.
2025-10-05 20:25:43,590 INFO  org.apache.pekko.remote.RemoteActorRefProvider$RemotingTerminator [] - Remote daemon shut down; proceeding with flushing remote transports.
2025-10-05 20:25:43,607 INFO  org.apache.pekko.remote.RemoteActorRefProvider$RemotingTerminator [] - Remoting shut down.
2025-10-05 20:25:43,607 INFO  org.apache.pekko.remote.RemoteActorRefProvider$RemotingTerminator [] - Remoting shut down.
