[0.005s][info][gc,heap] Heap region size: 1M
[0.050s][info][gc     ] Using G1
[0.050s][info][gc,heap,coops] Heap address: 0x0000000729800000, size: 3432 MB, Compressed Oops mode: Zero based, Oop shift amount: 3
[1.017s][info][gc,start     ] GC(0) Pause Young (Concurrent Start) (Metadata GC Threshold)
[1.017s][info][gc,task      ] GC(0) Using 4 workers of 4 for evacuation
[1.028s][info][gc,phases    ] GC(0)   Pre Evacuate Collection Set: 0.1ms
[1.028s][info][gc,phases    ] GC(0)   Evacuate Collection Set: 8.1ms
[1.028s][info][gc,phases    ] GC(0)   Post Evacuate Collection Set: 1.4ms
[1.028s][info][gc,phases    ] GC(0)   Other: 1.2ms
[1.028s][info][gc,heap      ] GC(0) Eden regions: 49->0(850)
[1.028s][info][gc,heap      ] GC(0) Survivor regions: 0->8(108)
[1.028s][info][gc,heap      ] GC(0) Old regions: 0->0
[1.028s][info][gc,heap      ] GC(0) Humongous regions: 11->11
[1.028s][info][gc,metaspace ] GC(0) Metaspace: 20733K(21296K)->20733K(21296K) NonClass: 18528K(18864K)->18528K(18864K) Class: 2204K(2432K)->2204K(2432K)
[1.028s][info][gc           ] GC(0) Pause Young (Concurrent Start) (Metadata GC Threshold) 59M->18M(3432M) 11.041ms
[1.028s][info][gc,cpu       ] GC(0) User=0.03s Sys=0.00s Real=0.01s
[1.028s][info][gc           ] GC(1) Concurrent Cycle
[1.028s][info][gc,marking   ] GC(1) Concurrent Clear Claimed Marks
[1.028s][info][gc,marking   ] GC(1) Concurrent Clear Claimed Marks 0.018ms
[1.028s][info][gc,marking   ] GC(1) Concurrent Scan Root Regions
[1.031s][info][gc,marking   ] GC(1) Concurrent Scan Root Regions 2.822ms
[1.031s][info][gc,marking   ] GC(1) Concurrent Mark (1.031s)
[1.031s][info][gc,marking   ] GC(1) Concurrent Mark From Roots
[1.031s][info][gc,task      ] GC(1) Using 1 workers of 1 for marking
[1.034s][info][gc,marking   ] GC(1) Concurrent Mark From Roots 3.594ms
[1.034s][info][gc,marking   ] GC(1) Concurrent Preclean
[1.034s][info][gc,marking   ] GC(1) Concurrent Preclean 0.047ms
[1.034s][info][gc,marking   ] GC(1) Concurrent Mark (1.031s, 1.034s) 3.676ms
[1.035s][info][gc,start     ] GC(1) Pause Remark
[1.037s][info][gc,stringtable] GC(1) Cleaned string and symbol table, strings: 7965 processed, 0 removed, symbols: 69098 processed, 29 removed
[1.037s][info][gc            ] GC(1) Pause Remark 18M->18M(3432M) 2.551ms
[1.037s][info][gc,cpu        ] GC(1) User=0.01s Sys=0.00s Real=0.00s
[1.037s][info][gc,marking    ] GC(1) Concurrent Rebuild Remembered Sets
[1.037s][info][gc,marking    ] GC(1) Concurrent Rebuild Remembered Sets 0.240ms
[1.038s][info][gc,start      ] GC(1) Pause Cleanup
[1.038s][info][gc            ] GC(1) Pause Cleanup 18M->18M(3432M) 0.595ms
[1.038s][info][gc,cpu        ] GC(1) User=0.00s Sys=0.00s Real=0.00s
[1.038s][info][gc,marking    ] GC(1) Concurrent Cleanup for Next Mark
[1.068s][info][gc,marking    ] GC(1) Concurrent Cleanup for Next Mark 29.693ms
[1.068s][info][gc            ] GC(1) Concurrent Cycle 40.211ms
[2.277s][info][gc,start      ] GC(2) Pause Young (Concurrent Start) (Metadata GC Threshold)
[2.277s][info][gc,task       ] GC(2) Using 4 workers of 4 for evacuation
[2.287s][info][gc,phases     ] GC(2)   Pre Evacuate Collection Set: 0.1ms
[2.287s][info][gc,phases     ] GC(2)   Evacuate Collection Set: 8.2ms
[2.287s][info][gc,phases     ] GC(2)   Post Evacuate Collection Set: 1.0ms
[2.287s][info][gc,phases     ] GC(2)   Other: 0.6ms
[2.287s][info][gc,heap       ] GC(2) Eden regions: 52->0(848)
[2.287s][info][gc,heap       ] GC(2) Survivor regions: 8->10(108)
[2.287s][info][gc,heap       ] GC(2) Old regions: 0->0
[2.287s][info][gc,heap       ] GC(2) Humongous regions: 13->13
[2.287s][info][gc,metaspace  ] GC(2) Metaspace: 34970K(35888K)->34970K(35888K) NonClass: 30623K(31152K)->30623K(31152K) Class: 4346K(4736K)->4346K(4736K)
[2.287s][info][gc            ] GC(2) Pause Young (Concurrent Start) (Metadata GC Threshold) 71M->22M(3432M) 10.092ms
[2.287s][info][gc,cpu        ] GC(2) User=0.03s Sys=0.00s Real=0.01s
[2.287s][info][gc            ] GC(3) Concurrent Cycle
[2.287s][info][gc,marking    ] GC(3) Concurrent Clear Claimed Marks
[2.287s][info][gc,marking    ] GC(3) Concurrent Clear Claimed Marks 0.029ms
[2.287s][info][gc,marking    ] GC(3) Concurrent Scan Root Regions
[2.292s][info][gc,marking    ] GC(3) Concurrent Scan Root Regions 4.834ms
[2.292s][info][gc,marking    ] GC(3) Concurrent Mark (2.292s)
[2.292s][info][gc,marking    ] GC(3) Concurrent Mark From Roots
[2.292s][info][gc,task       ] GC(3) Using 1 workers of 1 for marking
[2.294s][info][gc,marking    ] GC(3) Concurrent Mark From Roots 1.634ms
[2.294s][info][gc,marking    ] GC(3) Concurrent Preclean
[2.294s][info][gc,marking    ] GC(3) Concurrent Preclean 0.045ms
[2.294s][info][gc,marking    ] GC(3) Concurrent Mark (2.292s, 2.294s) 1.713ms
[2.294s][info][gc,start      ] GC(3) Pause Remark
[2.297s][info][gc,stringtable] GC(3) Cleaned string and symbol table, strings: 12126 processed, 0 removed, symbols: 100858 processed, 35 removed
[2.297s][info][gc            ] GC(3) Pause Remark 23M->23M(3432M) 3.335ms
[2.297s][info][gc,cpu        ] GC(3) User=0.02s Sys=0.00s Real=0.00s
[2.297s][info][gc,marking    ] GC(3) Concurrent Rebuild Remembered Sets
[2.298s][info][gc,marking    ] GC(3) Concurrent Rebuild Remembered Sets 0.224ms
[2.298s][info][gc,start      ] GC(3) Pause Cleanup
[2.298s][info][gc            ] GC(3) Pause Cleanup 23M->23M(3432M) 0.485ms
[2.298s][info][gc,cpu        ] GC(3) User=0.00s Sys=0.00s Real=0.00s
[2.298s][info][gc,marking    ] GC(3) Concurrent Cleanup for Next Mark
[2.331s][info][gc,marking    ] GC(3) Concurrent Cleanup for Next Mark 32.349ms
[2.331s][info][gc            ] GC(3) Concurrent Cycle 43.432ms
[18.153s][info][gc,heap,exit  ] Heap
[18.153s][info][gc,heap,exit  ]  garbage-first heap   total 3514368K, used 132991K [0x0000000729800000, 0x0000000800000000)
[18.153s][info][gc,heap,exit  ]   region size 1024K, 119 young (121856K), 10 survivors (10240K)
[18.153s][info][gc,heap,exit  ]  Metaspace       used 49421K, capacity 51002K, committed 51356K, reserved 299008K
[18.153s][info][gc,heap,exit  ]   class space    used 6554K, capacity 7297K, committed 7424K, reserved 253952K
